\BOOKMARK [1][-]{section.1}{\376\377\000I\000n\000s\000t\000r\000u\000c\000c\000i\000o\000n\000e\000s\000\040\000d\000e\000\040\000l\000a\000\040\000t\000a\000r\000e\000a}{}% 1
\BOOKMARK [1][-]{section.1}{\376\377\000I\000n\000s\000t\000r\000u\000c\000c\000i\000o\000n\000e\000s\000\040\000d\000e\000\040\000l\000a\000\040\000t\000a\000r\000e\000a}{}% 2
\BOOKMARK [1][-]{section*.2}{\376\377\000P\000r\000o\000b\000l\000e\000m\000a\000\040\0001}{}% 3
\BOOKMARK [1][-]{section*.4}{\376\377\000P\000r\000o\000b\000l\000e\000m\000a\000\040\0002}{}% 4
\BOOKMARK [2][-]{section*.5}{\376\377\000P\000l\000a\000n\000t\000e\000a\000m\000i\000e\000n\000t\000o\000\040\000d\000e\000l\000\040\000p\000r\000o\000b\000l\000e\000m\000a}{section*.4}% 5
\BOOKMARK [2][-]{section*.6}{\376\377\0001\000\051\000\040\000E\000c\000u\000a\000c\000i\000o\000n\000e\000s\000\040\000d\000e\000\040\000e\000s\000t\000a\000d\000o}{section*.4}% 6
\BOOKMARK [2][-]{section*.7}{\376\377\0002\000\051\000\040\000H\000o\000m\000o\000g\000e\000n\000e\000i\000d\000a\000d}{section*.4}% 7
\BOOKMARK [2][-]{section*.8}{\376\377\0003\000\051\000\040\000R\000e\000l\000a\000c\000i\000\363\000n\000\040\000d\000e\000\040\000E\000u\000l\000e\000r}{section*.4}% 8
\BOOKMARK [1][-]{section*.9}{\376\377\000P\000r\000o\000b\000l\000e\000m\000a\000\040\0003}{}% 9
\BOOKMARK [2][-]{section*.10}{\376\377\000P\000l\000a\000n\000t\000e\000a\000m\000i\000e\000n\000t\000o}{section*.9}% 10
\BOOKMARK [2][-]{section*.11}{\376\377\0001\000\051\000\040\000R\000e\000l\000a\000c\000i\000\363\000n\000\040\000e\000n\000t\000r\000e\000\040\000U\000\040\000y\000\040\000V}{section*.9}% 11
\BOOKMARK [2][-]{section*.12}{\376\377\0002\000\051\000\040\000R\000e\000l\000a\000c\000i\000\363\000n\000\040\000e\000n\000t\000r\000e\000\040\000U\000\040\000y\000\040\000S}{section*.9}% 12
\BOOKMARK [2][-]{section*.13}{\376\377\0003\000\051\000\040\000C\000o\000n\000d\000i\000c\000i\000\363\000n\000\040\000d\000e\000\040\000e\000x\000t\000e\000n\000s\000i\000v\000i\000d\000a\000d}{section*.9}% 13
\BOOKMARK [2][-]{section*.14}{\376\377\0004\000\051\000\040\000F\000o\000r\000m\000a\000\040\000e\000n\000t\000r\000o\000p\000\355\000a}{section*.9}% 14
\BOOKMARK [2][-]{section*.15}{\376\377\0005\000\051\000\040\000V\000e\000r\000i\000f\000i\000c\000a\000c\000i\000\363\000n}{section*.9}% 15
\BOOKMARK [2][-]{section*.16}{\376\377\000R\000e\000s\000u\000l\000t\000a\000d\000o\000\040\000f\000i\000n\000a\000l}{section*.9}% 16
\BOOKMARK [1][-]{section*.22}{\376\377\000P\000r\000o\000b\000l\000e\000m\000a\000\040\0004}{}% 17
\BOOKMARK [2][-]{section*.23}{\376\377\0001\000\051\000\040\000V\000a\000r\000i\000a\000b\000l\000e\000s\000\040\000i\000n\000t\000e\000n\000s\000i\000v\000a\000s\000\040\000p\000o\000r\000\040\000d\000i\000f\000e\000r\000e\000n\000c\000i\000a\000c\000i\000\363\000n}{section*.22}% 18
\BOOKMARK [2][-]{section*.24}{\376\377\0002\000\051\000\040\000E\000l\000i\000m\000i\000n\000a\000c\000i\000\363\000n\000\040\000d\000e\000\040\000S}{section*.22}% 19
\BOOKMARK [2][-]{section*.25}{\376\377\0003\000\051\000\040\000E\000x\000p\000r\000e\000s\000i\000\363\000n\000\040\000d\000e\000\040\000\050\000P\000,\000T\000\051}{section*.22}% 20
\BOOKMARK [2][-]{section*.26}{\376\377\000R\000e\000s\000u\000l\000t\000a\000d\000o\000\040\000f\000i\000n\000a\000l}{section*.22}% 21
\BOOKMARK [1][-]{section*.28}{\376\377\000P\000r\000o\000b\000l\000e\000m\000a\000\040\0005}{}% 22
\BOOKMARK [2][-]{section*.29}{\376\377\000E\000j\000.\000\040\0005\000.\0001\000:\000\040\000F\000u\000n\000c\000i\000\363\000n\000\040\000d\000e\000\040\000M\000a\000s\000s\000i\000e\000u\000\040\000S\000[\0001\000/\000T\000,\000V\000,\000N\000]}{section*.28}% 23
\BOOKMARK [2][-]{section*.30}{\376\377\000E\000j\000.\000\040\0005\000.\0002\000:\000\040\000F\000u\000n\000c\000i\000\363\000n\000\040\000d\000e\000\040\000M\000a\000s\000s\000i\000e\000u\000\040\000S\000[\0001\000/\000T\000,\000V\000,\000/\000T\000]}{section*.28}% 24
\BOOKMARK [2][-]{section*.31}{\376\377\000R\000e\000s\000u\000l\000t\000a\000d\000o\000\040\000f\000i\000n\000a\000l}{section*.28}% 25
\BOOKMARK [1][-]{section*.33}{\376\377\000P\000r\000o\000b\000l\000e\000m\000a\000\040\0006}{}% 26
\BOOKMARK [2][-]{section*.34}{\376\377\0001\000\051\000\040\000E\000n\000e\000r\000g\000\355\000a\000\040\000i\000n\000t\000e\000r\000n\000a\000\040\000d\000e\000l\000\040\000g\000a\000s\000\040\000i\000d\000e\000a\000l\000\040\000m\000o\000n\000o\000a\000t\000\363\000m\000i\000c\000o}{section*.33}% 27
\BOOKMARK [2][-]{section*.35}{\376\377\0002\000\051\000\040\000C\000a\000l\000o\000r\000\040\000e\000s\000p\000e\000c\000\355\000f\000i\000c\000o\000\040\000a\000\040\000v\000o\000l\000u\000m\000e\000n\000\040\000c\000o\000n\000s\000t\000a\000n\000t\000e}{section*.33}% 28
\BOOKMARK [2][-]{section*.36}{\376\377\0003\000\051\000\040\000C\000a\000l\000o\000r\000\040\000e\000s\000p\000e\000c\000\355\000f\000i\000c\000o\000\040\000a\000\040\000p\000r\000e\000s\000i\000\363\000n\000\040\000c\000o\000n\000s\000t\000a\000n\000t\000e}{section*.33}% 29
\BOOKMARK [2][-]{section*.37}{\376\377\0004\000\051\000\040\000R\000e\000l\000a\000c\000i\000\363\000n\000\040\000d\000e\000\040\000M\000a\000y\000e\000r}{section*.33}% 30
\BOOKMARK [2][-]{section*.38}{\376\377\000R\000e\000s\000u\000l\000t\000a\000d\000o\000\040\000f\000i\000n\000a\000l}{section*.33}% 31
\BOOKMARK [1][-]{section*.39}{\376\377\000P\000r\000o\000b\000l\000e\000m\000a\000\040\0007}{}% 32
\BOOKMARK [2][-]{section*.40}{\376\377\0001\000\051\000\040\000R\000e\000l\000a\000c\000i\000o\000n\000e\000s\000\040\000t\000e\000r\000m\000o\000d\000i\000n\000\341\000m\000i\000c\000a\000s}{section*.39}% 33
\BOOKMARK [2][-]{section*.41}{\376\377\0002\000\051\000\040\000E\000x\000p\000r\000e\000s\000i\000\363\000n\000\040\000d\000e\000\040\000l\000a\000\040\000t\000e\000m\000p\000e\000r\000a\000t\000u\000r\000a}{section*.39}% 34
\BOOKMARK [2][-]{section*.42}{\376\377\0003\000\051\000\040\000E\000x\000p\000r\000e\000s\000i\000\363\000n\000\040\000d\000e\000\040\000l\000a\000\040\000p\000r\000e\000s\000i\000\363\000n}{section*.39}% 35
\BOOKMARK [2][-]{section*.43}{\376\377\0004\000\051\000\040\000R\000e\000l\000a\000c\000i\000\363\000n\000\040\000e\000n\000t\000r\000e\000\040\000T\000,\000\040\000P\000\040\000y\000\040\000v}{section*.39}% 36
\BOOKMARK [2][-]{section*.44}{\376\377\0005\000\051\000\040\000E\000x\000p\000a\000n\000s\000i\000\363\000n\000\040\000a\000d\000i\000a\000b\000\341\000t\000i\000c\000a\000\040\000\050\000s\000=\000c\000t\000e\000\051}{section*.39}% 37
\BOOKMARK [2][-]{section*.45}{\376\377\0006\000\051\000\040\000C\000\341\000l\000c\000u\000l\000o\000\040\000d\000e\000\040\000T\000\040\000f\000i\000n\000a\000l}{section*.39}% 38
\BOOKMARK [2][-]{section*.46}{\376\377\0007\000\051\000\040\000R\000e\000s\000u\000l\000t\000a\000d\000o\000\040\000f\000i\000n\000a\000l}{section*.39}% 39
\BOOKMARK [1][-]{section*.47}{\376\377\000P\000r\000o\000b\000l\000e\000m\000a\000\040\0008}{}% 40
\BOOKMARK [2][-]{section*.48}{\376\377\0001\000\051\000\040\000I\000d\000e\000n\000t\000i\000f\000i\000c\000a\000c\000i\000\363\000n\000\040\000d\000e\000\040\000l\000a\000s\000\040\000e\000n\000e\000r\000g\000\355\000a\000s}{section*.47}% 41
\BOOKMARK [2][-]{section*.49}{\376\377\0002\000\051\000\040\000C\000o\000n\000d\000i\000c\000i\000o\000n\000e\000s\000\040\000d\000e\000\040\000e\000q\000u\000i\000l\000i\000b\000r\000i\000o}{section*.47}% 42
\BOOKMARK [2][-]{section*.50}{\376\377\0003\000\051\000\040\000E\000x\000p\000r\000e\000s\000i\000o\000n\000e\000s\000\040\000e\000n\000\040\000e\000q\000u\000i\000l\000i\000b\000r\000i\000o}{section*.47}% 43
\BOOKMARK [2][-]{section*.51}{\376\377\0004\000\051\000\040\000R\000e\000s\000o\000l\000u\000c\000i\000\363\000n\000\040\000d\000e\000\040\000l\000a\000\040\000t\000e\000m\000p\000e\000r\000a\000t\000u\000r\000a\000\040\000d\000e\000\040\000e\000q\000u\000i\000l\000i\000b\000r\000i\000o}{section*.47}% 44
\BOOKMARK [2][-]{section*.52}{\376\377\0005\000\051\000\040\000E\000n\000e\000r\000g\000\355\000a\000s\000\040\000f\000i\000n\000a\000l\000e\000s}{section*.47}% 45
\BOOKMARK [2][-]{section*.53}{\376\377\000R\000e\000s\000u\000l\000t\000a\000d\000o\000\040\000f\000i\000n\000a\000l}{section*.47}% 46
\BOOKMARK [1][-]{section*.55}{\376\377\000P\000r\000o\000b\000l\000e\000m\000a\000\040\0009}{}% 47
\BOOKMARK [2][-]{section*.56}{\376\377\0001\000\051\000\040\000P\000o\000t\000e\000n\000c\000i\000a\000l\000\040\000q\000u\000\355\000m\000i\000c\000o\000\040\000d\000e\000l\000\040\000g\000a\000s}{section*.55}% 48
\BOOKMARK [2][-]{section*.57}{\376\377\0002\000\051\000\040\000P\000o\000t\000e\000n\000c\000i\000a\000l\000\040\000q\000u\000\355\000m\000i\000c\000o\000\040\000e\000n\000\040\000l\000a\000\040\000s\000u\000p\000e\000r\000f\000i\000c\000i\000e}{section*.55}% 49
\BOOKMARK [2][-]{section*.58}{\376\377\0003\000\051\000\040\000C\000o\000n\000d\000i\000c\000i\000\363\000n\000\040\000d\000e\000\040\000e\000q\000u\000i\000l\000i\000b\000r\000i\000o}{section*.55}% 50
\BOOKMARK [2][-]{section*.59}{\376\377\0004\000\051\000\040\000R\000e\000l\000a\000c\000i\000\363\000n\000\040\000f\000i\000n\000a\000l}{section*.55}% 51
\BOOKMARK [2][-]{section*.60}{\376\377\000R\000e\000s\000u\000l\000t\000a\000d\000o\000\040\000f\000i\000n\000a\000l}{section*.55}% 52
