\BOOKMARK [1][-]{section*.1}{\376\377\000I\000n\000s\000t\000r\000u\000c\000c\000i\000o\000n\000e\000s\000\040\000d\000e\000\040\000l\000o\000s\000\040\000e\000j\000e\000r\000c\000i\000c\000i\000o\000s}{}% 1
\BOOKMARK [1][-]{section*.3}{\376\377\000C\000a\000p\000\355\000t\000u\000l\000o\000\040\0001\0003\000:\000\040\000C\000\363\000m\000o\000\040\000t\000u\000v\000e\000\040\000u\000n\000a\000\040\000v\000i\000s\000i\000\363\000n\000\040\000d\000e\000\040\000L\000i\000n\000e\000a\000l\000a\000n\000d\000i\000a}{}% 2
\BOOKMARK [2][-]{section*.4}{\376\377\000R\000e\000s\000u\000m\000e\000n}{section*.3}% 3
\BOOKMARK [2][-]{section*.6}{\376\377\000O\000p\000i\000n\000i\000\363\000n\000\040\000p\000e\000r\000s\000o\000n\000a\000l}{section*.3}% 4
\BOOKMARK [1][-]{section*.7}{\376\377\000C\000a\000p\000\355\000t\000u\000l\000o\000\040\0001\0004\000:\000\040\000C\000\363\000m\000o\000\040\000i\000n\000t\000e\000n\000t\000\351\000\040\000e\000n\000\040\000v\000a\000n\000o\000\040\000e\000x\000p\000l\000i\000c\000a\000r\000\040\000l\000a\000\040\000n\000a\000t\000u\000r\000a\000l\000e\000z\000a\000\040\000d\000e\000\040\000P\000l\000a\000n\000i\000l\000a\000n\000d\000i\000a}{}% 5
\BOOKMARK [2][-]{section*.8}{\376\377\000R\000e\000s\000u\000m\000e\000n}{section*.7}% 6
\BOOKMARK [2][-]{section*.10}{\376\377\000O\000p\000i\000n\000i\000\363\000n\000\040\000p\000e\000r\000s\000o\000n\000a\000l}{section*.7}% 7
\BOOKMARK [1][-]{section*.11}{\376\377\000C\000a\000p\000\355\000t\000u\000l\000o\000\040\0001\0005\000:\000\040\000S\000o\000b\000r\000e\000\040\000u\000n\000\040\000d\000e\000s\000c\000o\000n\000o\000c\000i\000d\000o\000\040\000d\000e\000\040\000E\000s\000p\000a\000c\000i\000o\000l\000a\000n\000d\000i\000a}{}% 8
\BOOKMARK [2][-]{section*.12}{\376\377\000R\000e\000s\000u\000m\000e\000n}{section*.11}% 9
\BOOKMARK [2][-]{section*.13}{\376\377\000O\000p\000i\000n\000i\000\363\000n\000\040\000p\000e\000r\000s\000o\000n\000a\000l}{section*.11}% 10
\BOOKMARK [1][-]{section*.14}{\376\377\000C\000a\000p\000\355\000t\000u\000l\000o\000\040\0001\0006\000:\000\040\000C\000\363\000m\000o\000\040\000e\000l\000\040\000d\000e\000s\000c\000o\000n\000o\000c\000i\000d\000o\000\040\000i\000n\000t\000e\000n\000t\000\363\000\040\000e\000n\000\040\000v\000a\000n\000o\000\040\000r\000e\000v\000e\000l\000a\000r\000m\000e\000\040\000c\000o\000n\000\040\000p\000a\000l\000a\000b\000r\000a\000s\000\040\000l\000o\000s\000\040\000m\000i\000s\000t\000e\000r\000i\000o\000s\000\040\000d\000e\000\040\000E\000s\000p\000a\000c\000i\000o\000l\000a\000n\000d\000i\000a}{}% 11
\BOOKMARK [2][-]{section*.15}{\376\377\000R\000e\000s\000u\000m\000e\000n}{section*.14}% 12
\BOOKMARK [2][-]{section*.17}{\376\377\000O\000p\000i\000n\000i\000\363\000n\000\040\000p\000e\000r\000s\000o\000n\000a\000l}{section*.14}% 13
\BOOKMARK [1][-]{section*.18}{\376\377\000C\000a\000p\000\355\000t\000u\000l\000o\000\040\0001\0007\000:\000\040\000C\000\363\000m\000o\000\040\000l\000a\000\040\000E\000s\000f\000e\000r\000a\000,\000\040\000t\000r\000a\000s\000\040\000i\000n\000t\000e\000n\000t\000a\000r\000l\000o\000\040\000e\000n\000\040\000v\000a\000n\000o\000\040\000c\000o\000n\000\040\000l\000a\000s\000\040\000p\000a\000l\000a\000b\000r\000a\000s\000,\000\040\000r\000e\000c\000u\000r\000r\000i\000\363\000\040\000a\000\040\000l\000o\000s\000\040\000h\000e\000c\000h\000o\000s}{}% 14
\BOOKMARK [2][-]{section*.19}{\376\377\000R\000e\000s\000u\000m\000e\000n}{section*.18}% 15
\BOOKMARK [2][-]{section*.20}{\376\377\000O\000p\000i\000n\000i\000\363\000n\000\040\000p\000e\000r\000s\000o\000n\000a\000l}{section*.18}% 16
\BOOKMARK [1][-]{section*.21}{\376\377\000C\000a\000p\000\355\000t\000u\000l\000o\000\040\0001\0008\000:\000\040\000C\000\363\000m\000o\000\040\000f\000u\000i\000\040\000a\000\040\000E\000s\000p\000a\000c\000i\000o\000l\000a\000n\000d\000i\000a\000\040\000y\000\040\000l\000o\000\040\000q\000u\000e\000\040\000v\000i\000\040\000a\000l\000l\000\355}{}% 17
\BOOKMARK [2][-]{section*.22}{\376\377\000R\000e\000s\000u\000m\000e\000n}{section*.21}% 18
\BOOKMARK [2][-]{section*.24}{\376\377\000O\000p\000i\000n\000i\000\363\000n\000\040\000p\000e\000r\000s\000o\000n\000a\000l}{section*.21}% 19
\BOOKMARK [1][-]{section*.25}{\376\377\000C\000a\000p\000\355\000t\000u\000l\000o\000\040\0001\0009\000:\000\040\000C\000\363\000m\000o\000,\000\040\000a\000u\000n\000q\000u\000e\000\040\000l\000a\000\040\000e\000s\000f\000e\000r\000a\000\040\000m\000e\000\040\000m\000o\000s\000t\000r\000\363\000\040\000o\000t\000r\000o\000s\000\040\000m\000i\000s\000t\000e\000r\000i\000o\000s\000\040\000d\000e\000\040\000E\000s\000p\000a\000c\000i\000o\000l\000a\000n\000d\000i\000a\000,\000\040\000a\000\372\000n\000\040\000d\000e\000s\000e\000\351\000\040\000c\000o\000n\000o\000c\000e\000r\000\040\000m\000\341\000s\000;\000\040\000y\000\040\000l\000o\000\040\000q\000u\000e\000\040\000r\000e\000s\000u\000l\000t\000\363\000\040\000d\000e\000\040\000e\000l\000l\000o}{}% 20
\BOOKMARK [2][-]{section*.26}{\376\377\000R\000e\000s\000u\000m\000e\000n}{section*.25}% 21
\BOOKMARK [2][-]{section*.28}{\376\377\000O\000p\000i\000n\000i\000\363\000n\000\040\000p\000e\000r\000s\000o\000n\000a\000l}{section*.25}% 22
\BOOKMARK [1][-]{section*.29}{\376\377\000C\000a\000p\000\355\000t\000u\000l\000o\000\040\0002\0000\000:\000\040\000C\000\363\000m\000o\000\040\000m\000e\000\040\000a\000l\000e\000n\000t\000\363\000\040\000l\000a\000\040\000e\000s\000f\000e\000r\000a\000\040\000e\000n\000\040\000u\000n\000a\000\040\000v\000i\000s\000i\000\363\000n}{}% 23
\BOOKMARK [2][-]{section*.30}{\376\377\000R\000e\000s\000u\000m\000e\000n}{section*.29}% 24
\BOOKMARK [2][-]{section*.31}{\376\377\000O\000p\000i\000n\000i\000\363\000n\000\040\000p\000e\000r\000s\000o\000n\000a\000l}{section*.29}% 25
\BOOKMARK [1][-]{section*.32}{\376\377\000C\000a\000p\000\355\000t\000u\000l\000o\000\040\0002\0001\000:\000\040\000C\000\363\000m\000o\000\040\000i\000n\000t\000e\000n\000t\000\351\000\040\000e\000n\000s\000e\000\361\000a\000r\000\040\000l\000a\000\040\000t\000e\000o\000r\000\355\000a\000\040\000d\000e\000\040\000l\000a\000s\000\040\000t\000r\000e\000s\000\040\000d\000i\000m\000e\000n\000s\000i\000o\000n\000e\000s\000\040\000a\000\040\000m\000i\000\040\000n\000i\000e\000t\000o\000\040\000y\000\040\000c\000o\000n\000\040\000q\000u\000\351\000\040\000\351\000x\000i\000t\000o}{}% 26
\BOOKMARK [2][-]{section*.33}{\376\377\000R\000e\000s\000u\000m\000e\000n}{section*.32}% 27
\BOOKMARK [2][-]{section*.34}{\376\377\000O\000p\000i\000n\000i\000\363\000n\000\040\000p\000e\000r\000s\000o\000n\000a\000l}{section*.32}% 28
\BOOKMARK [1][-]{section*.35}{\376\377\000C\000a\000p\000\355\000t\000u\000l\000o\000\040\0002\0002\000:\000\040\000C\000\363\000m\000o\000\040\000i\000n\000t\000e\000n\000t\000\351\000\040\000l\000u\000e\000g\000o\000\040\000d\000i\000f\000u\000n\000d\000i\000r\000\040\000l\000a\000\040\000t\000e\000o\000r\000\355\000a\000\040\000d\000e\000\040\000l\000a\000s\000\040\000t\000r\000e\000s\000\040\000d\000i\000m\000e\000n\000s\000i\000o\000n\000e\000s\000\040\000p\000o\000r\000\040\000o\000t\000r\000o\000s\000\040\000m\000e\000d\000i\000o\000s\000\040\000y\000\040\000d\000e\000l\000\040\000r\000e\000s\000u\000l\000t\000a\000d\000o}{}% 29
\BOOKMARK [2][-]{section*.36}{\376\377\000R\000e\000s\000u\000m\000e\000n}{section*.35}% 30
\BOOKMARK [2][-]{section*.37}{\376\377\000O\000p\000i\000n\000i\000\363\000n\000\040\000p\000e\000r\000s\000o\000n\000a\000l}{section*.35}% 31
