\BOOKMARK [1][-]{section*.1}{\376\377\000P\000r\000o\000b\000l\000e\000m\000a\000s\000:\000\040\000c\000a\000p\000\040\0002}{}% 1
\BOOKMARK [1][-]{section*.9}{\376\377\000P\000r\000o\000b\000l\000e\000m\000a\000s\000:\000\040\000c\000a\000p\000\040\0003}{}% 2
\BOOKMARK [1][-]{section.1}{\376\377\000C\000a\000p\000\355\000t\000u\000l\000o\000\040\0002}{}% 3
\BOOKMARK [2][-]{subsection.1.1}{\376\377\000P\000r\000o\000b\000l\000e\000m\000a\000\040\0001}{section.1}% 4
\BOOKMARK [2][-]{subsection.1.2}{\376\377\000P\000r\000o\000b\000l\000e\000m\000a\000\040\0002}{section.1}% 5
\BOOKMARK [2][-]{subsection.1.3}{\376\377\000P\000r\000o\000b\000l\000e\000m\000a\000\040\0003}{section.1}% 6
\BOOKMARK [2][-]{subsection.1.4}{\376\377\000P\000r\000o\000b\000l\000e\000m\000a\000\040\0004}{section.1}% 7
\BOOKMARK [2][-]{subsection.1.5}{\376\377\000P\000r\000o\000b\000l\000e\000m\000a\000\040\0005}{section.1}% 8
\BOOKMARK [2][-]{subsection.1.6}{\376\377\000P\000r\000o\000b\000l\000e\000m\000a\000\040\0006}{section.1}% 9
\BOOKMARK [2][-]{subsection.1.7}{\376\377\000P\000r\000o\000b\000l\000e\000m\000a\000\040\0007}{section.1}% 10
\BOOKMARK [2][-]{subsection.1.8}{\376\377\000P\000r\000o\000b\000l\000e\000m\000a\000\040\0008}{section.1}% 11
\BOOKMARK [2][-]{subsection.1.9}{\376\377\000P\000r\000o\000b\000l\000e\000m\000a\000\040\0009}{section.1}% 12
\BOOKMARK [2][-]{subsection.1.10}{\376\377\000P\000r\000o\000b\000l\000e\000m\000a\000\040\0001\0000}{section.1}% 13
\BOOKMARK [2][-]{subsection.1.11}{\376\377\000P\000r\000o\000b\000l\000e\000m\000a\000\040\0001\0001}{section.1}% 14
\BOOKMARK [2][-]{subsection.1.12}{\376\377\000P\000r\000o\000b\000l\000e\000m\000a\000\040\0001\0002}{section.1}% 15
\BOOKMARK [2][-]{subsection.1.13}{\376\377\000P\000r\000o\000b\000l\000e\000m\000a\000\040\0001\0003}{section.1}% 16
\BOOKMARK [2][-]{subsection.1.14}{\376\377\000P\000r\000o\000b\000l\000e\000m\000a\000\040\0001\0004}{section.1}% 17
\BOOKMARK [2][-]{subsection.1.15}{\376\377\000P\000r\000o\000b\000l\000e\000m\000a\000\040\0001\0005}{section.1}% 18
\BOOKMARK [2][-]{subsection.1.16}{\376\377\000P\000r\000o\000b\000l\000e\000m\000a\000\040\0001\0006}{section.1}% 19
\BOOKMARK [2][-]{subsection.1.17}{\376\377\000P\000r\000o\000b\000l\000e\000m\000a\000\040\0001\0007}{section.1}% 20
\BOOKMARK [2][-]{subsection.1.18}{\376\377\000P\000r\000o\000b\000l\000e\000m\000a\000\040\0001\0008}{section.1}% 21
\BOOKMARK [2][-]{subsection.1.19}{\376\377\000P\000r\000o\000b\000l\000e\000m\000a\000\040\0001\0009}{section.1}% 22
\BOOKMARK [2][-]{subsection.1.20}{\376\377\000P\000r\000o\000b\000l\000e\000m\000a\000\040\0002\0000}{section.1}% 23
\BOOKMARK [2][-]{subsection.1.21}{\376\377\000P\000r\000o\000b\000l\000e\000m\000a\000\040\0002\0001}{section.1}% 24
\BOOKMARK [2][-]{subsection.1.22}{\376\377\000P\000r\000o\000b\000l\000e\000m\000a\000\040\0002\0002}{section.1}% 25
\BOOKMARK [2][-]{subsection.1.23}{\376\377\000P\000r\000o\000b\000l\000e\000m\000a\000\040\0002\0003}{section.1}% 26
\BOOKMARK [2][-]{subsection.1.24}{\376\377\000P\000r\000o\000b\000l\000e\000m\000a\000\040\0002\0004}{section.1}% 27
\BOOKMARK [2][-]{subsection.1.25}{\376\377\000P\000r\000o\000b\000l\000e\000m\000a\000\040\0002\0005}{section.1}% 28
\BOOKMARK [2][-]{subsection.1.26}{\376\377\000P\000r\000o\000b\000l\000e\000m\000a\000\040\0002\0006}{section.1}% 29
\BOOKMARK [2][-]{subsection.1.27}{\376\377\000P\000r\000o\000b\000l\000e\000m\000a\000\040\0002\0006}{section.1}% 30
\BOOKMARK [1][-]{section.2}{\376\377\000C\000a\000p\000\355\000t\000u\000l\000o\000\040\0003}{}% 31
\BOOKMARK [2][-]{subsection.2.1}{\376\377\000P\000r\000o\000b\000l\000e\000m\000a\000\040\0001\000\040\000\050\000C\000a\000p\000.\000\040\0003\000\051}{section.2}% 32
\BOOKMARK [2][-]{subsection.2.2}{\376\377\000P\000r\000o\000b\000l\000e\000m\000a\000\040\0002\000\040\000\050\000C\000a\000p\000.\000\040\0003\000\051}{section.2}% 33
\BOOKMARK [2][-]{subsection.2.3}{\376\377\000P\000r\000o\000b\000l\000e\000m\000a\000\040\0003\000\040\000\050\000C\000a\000p\000.\000\040\0003\000\051}{section.2}% 34
\BOOKMARK [2][-]{subsection.2.4}{\376\377\000P\000r\000o\000b\000l\000e\000m\000a\000\040\0005\000\040\000\050\000C\000a\000p\000.\000\040\0003\000\051}{section.2}% 35
\BOOKMARK [2][-]{subsection.2.5}{\376\377\000P\000r\000o\000b\000l\000e\000m\000a\000\040\0005\000\040\000\050\000C\000a\000p\000.\000\040\0003\000\051}{section.2}% 36
\BOOKMARK [2][-]{subsection.2.6}{\376\377\000P\000r\000o\000b\000l\000e\000m\000a\000\040\0006\000\040\000\050\000C\000a\000p\000.\000\040\0003\000\051}{section.2}% 37
\BOOKMARK [2][-]{subsection.2.7}{\376\377\000P\000r\000o\000b\000l\000e\000m\000a\000\040\0007\000\040\000\050\000C\000a\000p\000.\000\040\0003\000\051}{section.2}% 38
\BOOKMARK [2][-]{subsection.2.8}{\376\377\000P\000r\000o\000b\000l\000e\000m\000a\000\040\0008\000\040\000\050\000C\000a\000p\000.\000\040\0003\000\051}{section.2}% 39
\BOOKMARK [2][-]{subsection.2.9}{\376\377\000P\000r\000o\000b\000l\000e\000m\000a\000\040\0009\000\040\000\050\000C\000a\000p\000.\000\040\0003\000\051}{section.2}% 40
\BOOKMARK [2][-]{subsection.2.10}{\376\377\000P\000r\000o\000b\000l\000e\000m\000a\000\040\0001\0000\000\040\000\050\000C\000a\000p\000.\000\040\0003\000\051}{section.2}% 41
\BOOKMARK [2][-]{subsection.2.11}{\376\377\000P\000r\000o\000b\000l\000e\000m\000a\000\040\0001\0001\000\040\000\050\000C\000a\000p\000.\000\040\0003\000\051}{section.2}% 42
\BOOKMARK [2][-]{subsection.2.12}{\376\377\000P\000r\000o\000b\000l\000e\000m\000a\000\040\0001\0002\000\040\000\050\000C\000a\000p\000.\000\040\0003\000\051}{section.2}% 43
\BOOKMARK [2][-]{subsection.2.13}{\376\377\000P\000r\000o\000b\000l\000e\000m\000a\000\040\0001\0003\000\040\000\050\000C\000a\000p\000.\000\040\0003\000\051}{section.2}% 44
\BOOKMARK [2][-]{subsection.2.14}{\376\377\000P\000r\000o\000b\000l\000e\000m\000a\000\040\0001\0004\000\040\000\050\000C\000a\000p\000.\000\040\0003\000\051}{section.2}% 45
\BOOKMARK [2][-]{subsection.2.15}{\376\377\000P\000r\000o\000b\000l\000e\000m\000a\000\040\0001\0005\000\040\000\050\000C\000a\000p\000.\000\040\0003\000\051}{section.2}% 46
